{
    "cellpose - npy": {
        "content": [
            {
                "0": [
                    [
                        {
                            "id": "test"
                        },
                        "test_retrained:md5,0fdfb40f1b103d5128cdd003ca0875fa"
                    ]
                ],
                "1": [
                    "versions.yml:md5,463af6bfec4237cdc66a5078a08ba23f"
                ],
                "retrained_model": [
                    [
                        {
                            "id": "test"
                        },
                        "test_retrained:md5,0fdfb40f1b103d5128cdd003ca0875fa"
                    ]
                ],
                "versions": [
                    "versions.yml:md5,463af6bfec4237cdc66a5078a08ba23f"
                ]
            }
        ],
        "meta": {
            "nf-test": "0.9.2",
            "nextflow": "24.10.5"
        },
        "timestamp": "2025-04-11T00:16:53.544836332"
    },
    "cellpose - npy - stub": {
        "content": [
            {
                "0": [
                    [
                        {
                            "id": "test"
                        },
                        "test_retrained:md5,0fdfb40f1b103d5128cdd003ca0875fa"
                    ]
                ],
                "1": [
                    "versions.yml:md5,463af6bfec4237cdc66a5078a08ba23f"
                ],
                "retrained_model": [
                    [
                        {
                            "id": "test"
                        },
                        "test_retrained:md5,0fdfb40f1b103d5128cdd003ca0875fa"
                    ]
                ],
                "versions": [
                    "versions.yml:md5,463af6bfec4237cdc66a5078a08ba23f"
                ]
            }
        ],
        "meta": {
            "nf-test": "0.9.2",
            "nextflow": "24.10.5"
        },
        "timestamp": "2025-04-11T00:17:06.655012621"
    }
}