{
    "dummy - csv ": {
        "content": [
            {
                "0": [
                    [
                        {
                            "id": "test"
                        },
                        "test_merged_peaks_ch_-1.wkt:md5,25c0054be03fcb2cd27b2165996bac90"
                    ]
                ],
                "1": [
                    "versions.yml:md5,b0aff58ea633428f5d954176a405a183"
                ],
                "merged_peaks": [
                    [
                        {
                            "id": "test"
                        },
                        "test_merged_peaks_ch_-1.wkt:md5,25c0054be03fcb2cd27b2165996bac90"
                    ]
                ],
                "versions": [
                    "versions.yml:md5,b0aff58ea633428f5d954176a405a183"
                ]
            }
        ],
        "meta": {
            "nf-test": "0.9.2",
            "nextflow": "24.04.4"
        },
        "timestamp": "2025-02-07T14:47:18.430883388"
    },
    "dummy - csv - stub": {
        "content": [
            {
                "0": [
                    [
                        {
                            "id": "test"
                        },
                        "test_merged_peaks_ch_-1.wkt:md5,d41d8cd98f00b204e9800998ecf8427e"
                    ]
                ],
                "1": [
                    "versions.yml:md5,b0aff58ea633428f5d954176a405a183"
                ],
                "merged_peaks": [
                    [
                        {
                            "id": "test"
                        },
                        "test_merged_peaks_ch_-1.wkt:md5,d41d8cd98f00b204e9800998ecf8427e"
                    ]
                ],
                "versions": [
                    "versions.yml:md5,b0aff58ea633428f5d954176a405a183"
                ]
            }
        ],
        "meta": {
            "nf-test": "0.9.2",
            "nextflow": "24.04.4"
        },
        "timestamp": "2025-02-07T14:47:26.773474229"
    }
}