{
    "mouse_heart - tiff - stub": {
        "content": [
            {
                "0": [
                    [
                        {
                            "id": "mouse_heart"
                        },
                        "mouse_heart.wkt:md5,d41d8cd98f00b204e9800998ecf8427e"
                    ]
                ],
                "1": [
                    "versions.yml:md5,6587b1fbffd0ce3ddd72cb0dea70eeef"
                ],
                "versions": [
                    "versions.yml:md5,6587b1fbffd0ce3ddd72cb0dea70eeef"
                ],
                "wkts": [
                    [
                        {
                            "id": "mouse_heart"
                        },
                        "mouse_heart.wkt:md5,d41d8cd98f00b204e9800998ecf8427e"
                    ]
                ]
            }
        ],
        "meta": {
            "nf-test": "0.9.2",
            "nextflow": "24.04.4"
        },
        "timestamp": "2025-02-06T17:20:48.858396339"
    },
    "mouse_heart - tiff": {
        "content": [
            {
                "0": [
                    [
                        {
                            "id": "mouse_heart"
                        },
                        "mouse_heart.wkt:md5,deacacbf4602021995b9a5152e4eb8bd"
                    ]
                ],
                "1": [
                    "versions.yml:md5,6587b1fbffd0ce3ddd72cb0dea70eeef"
                ],
                "versions": [
                    "versions.yml:md5,6587b1fbffd0ce3ddd72cb0dea70eeef"
                ],
                "wkts": [
                    [
                        {
                            "id": "mouse_heart"
                        },
                        "mouse_heart.wkt:md5,deacacbf4602021995b9a5152e4eb8bd"
                    ]
                ]
            }
        ],
        "meta": {
            "nf-test": "0.9.2",
            "nextflow": "24.04.4"
        },
        "timestamp": "2025-02-06T17:20:39.953890219"
    }
}