{
    "mouse_heart - tiff - stub": {
        "content": [
            {
                "0": [
                    [
                        {
                            "id": "mouse_heart"
                        },
                        "mouse_heart_ch_0_peaks_Y0_X0.csv:md5,d41d8cd98f00b204e9800998ecf8427e"
                    ]
                ],
                "1": [
                    "versions.yml:md5,66e09e2d1d4c11e7897cf031180a176e"
                ],
                "peaks": [
                    [
                        {
                            "id": "mouse_heart"
                        },
                        "mouse_heart_ch_0_peaks_Y0_X0.csv:md5,d41d8cd98f00b204e9800998ecf8427e"
                    ]
                ],
                "versions": [
                    "versions.yml:md5,66e09e2d1d4c11e7897cf031180a176e"
                ]
            }
        ],
        "meta": {
            "nf-test": "0.9.2",
            "nextflow": "24.04.4"
        },
        "timestamp": "2025-02-07T10:50:39.197147856"
    },
    "mouse_heart - tiff": {
        "content": [
            {
                "0": [
                    [
                        {
                            "id": "mouse_heart",
                            "ch_ind": 0
                        },
                        "mouse_heart_ch_0_peaks_Y0_X0.csv:md5,a1a930de917429f510577aa17970aaa6"
                    ]
                ],
                "1": [
                    "versions.yml:md5,66e09e2d1d4c11e7897cf031180a176e"
                ],
                "peaks": [
                    [
                        {
                            "id": "mouse_heart",
                            "ch_ind": 0
                        },
                        "mouse_heart_ch_0_peaks_Y0_X0.csv:md5,a1a930de917429f510577aa17970aaa6"
                    ]
                ],
                "versions": [
                    "versions.yml:md5,66e09e2d1d4c11e7897cf031180a176e"
                ]
            }
        ],
        "meta": {
            "nf-test": "0.9.2",
            "nextflow": "24.04.4"
        },
        "timestamp": "2025-02-07T10:50:04.648448036"
    },
    "mouse_heart - tiff - 500": {
        "content": [
            {
                "0": [
                    [
                        {
                            "id": "mouse_heart",
                            "ch_ind": 0
                        },
                        "mouse_heart_ch_0_peaks_Y0_X0.csv:md5,b751ba2081cc127d53c9457f5b15749d"
                    ]
                ],
                "1": [
                    "versions.yml:md5,66e09e2d1d4c11e7897cf031180a176e"
                ],
                "peaks": [
                    [
                        {
                            "id": "mouse_heart",
                            "ch_ind": 0
                        },
                        "mouse_heart_ch_0_peaks_Y0_X0.csv:md5,b751ba2081cc127d53c9457f5b15749d"
                    ]
                ],
                "versions": [
                    "versions.yml:md5,66e09e2d1d4c11e7897cf031180a176e"
                ]
            }
        ],
        "meta": {
            "nf-test": "0.9.2",
            "nextflow": "24.04.4"
        },
        "timestamp": "2025-02-07T10:50:26.78446238"
    }
}