{
    "nuclear - tif - instanseg": {
        "content": [
            {
                "0": [
                    [
                        {
                            "id": "test"
                        },
                        "test_merged.geojson:md5,9fe55ab05e13024faee6daa2ddcf8e6d"
                    ]
                ],
                "1": [
                    "versions.yml:md5,1d6e2b331dc05b3496a477c7e8adbeee",
                    "versions.yml:md5,4ca6951145ae8e8a22f95081060586e9",
                    "versions.yml:md5,74ae9680e8565f16244a79acbe2ef1e4"
                ],
                "versions": [
                    "versions.yml:md5,1d6e2b331dc05b3496a477c7e8adbeee",
                    "versions.yml:md5,4ca6951145ae8e8a22f95081060586e9",
                    "versions.yml:md5,74ae9680e8565f16244a79acbe2ef1e4"
                ],
                "wkt": [
                    [
                        {
                            "id": "test"
                        },
                        "test_merged.geojson:md5,9fe55ab05e13024faee6daa2ddcf8e6d"
                    ]
                ]
            }
        ],
        "meta": {
            "nf-test": "0.9.2",
            "nextflow": "24.04.4"
        },
        "timestamp": "2025-03-18T22:25:28.496236908"
    },
    "nuclear - tif - cellpose": {
        "content": [
            {
                "0": [
                    [
                        {
                            "id": "test"
                        },
                        "test_merged.geojson:md5,0d1072acebefc19c48bbcdb17ac57d5f"
                    ]
                ],
                "1": [
                    "versions.yml:md5,1d6e2b331dc05b3496a477c7e8adbeee",
                    "versions.yml:md5,4ca6951145ae8e8a22f95081060586e9",
                    "versions.yml:md5,7e24ffbd0425ebf6bf537e55ac367001"
                ],
                "versions": [
                    "versions.yml:md5,1d6e2b331dc05b3496a477c7e8adbeee",
                    "versions.yml:md5,4ca6951145ae8e8a22f95081060586e9",
                    "versions.yml:md5,7e24ffbd0425ebf6bf537e55ac367001"
                ],
                "wkt": [
                    [
                        {
                            "id": "test"
                        },
                        "test_merged.geojson:md5,0d1072acebefc19c48bbcdb17ac57d5f"
                    ]
                ]
            }
        ],
        "meta": {
            "nf-test": "0.9.2",
            "nextflow": "24.04.4"
        },
        "timestamp": "2025-03-18T22:24:29.505111421"
    },
    "nuclear - tif - deepcell": {
        "content": [
            {
                "0": [
                    [
                        {
                            "id": "test"
                        },
                        "test_merged.geojson:md5,a3f7237d662627863a30cff6128b989c"
                    ]
                ],
                "1": [
                    "versions.yml:md5,1d6e2b331dc05b3496a477c7e8adbeee",
                    "versions.yml:md5,4ca6951145ae8e8a22f95081060586e9",
                    "versions.yml:md5,e693a7e9c66cd7a37d9829cae2fc3648"
                ],
                "versions": [
                    "versions.yml:md5,1d6e2b331dc05b3496a477c7e8adbeee",
                    "versions.yml:md5,4ca6951145ae8e8a22f95081060586e9",
                    "versions.yml:md5,e693a7e9c66cd7a37d9829cae2fc3648"
                ],
                "wkt": [
                    [
                        {
                            "id": "test"
                        },
                        "test_merged.geojson:md5,a3f7237d662627863a30cff6128b989c"
                    ]
                ]
            }
        ],
        "meta": {
            "nf-test": "0.9.2",
            "nextflow": "24.04.4"
        },
        "timestamp": "2025-03-18T22:26:52.113552786"
    },
    "nuclear - tif - stardist": {
        "content": [
            {
                "0": [
                    [
                        {
                            "id": "test"
                        },
                        "test_merged.geojson:md5,590cf1b456fbae16631254f0f79121fc"
                    ]
                ],
                "1": [
                    "versions.yml:md5,1d6e2b331dc05b3496a477c7e8adbeee",
                    "versions.yml:md5,4ca6951145ae8e8a22f95081060586e9",
                    "versions.yml:md5,e3945a4be7e4f9daa0ab9c717a9cce10"
                ],
                "versions": [
                    "versions.yml:md5,1d6e2b331dc05b3496a477c7e8adbeee",
                    "versions.yml:md5,4ca6951145ae8e8a22f95081060586e9",
                    "versions.yml:md5,e3945a4be7e4f9daa0ab9c717a9cce10"
                ],
                "wkt": [
                    [
                        {
                            "id": "test"
                        },
                        "test_merged.geojson:md5,590cf1b456fbae16631254f0f79121fc"
                    ]
                ]
            }
        ],
        "meta": {
            "nf-test": "0.9.2",
            "nextflow": "24.04.4"
        },
        "timestamp": "2025-03-18T22:24:58.557258383"
    }
}