{
    "mouse heart - wkt - stub": {
        "content": [
            {
                "0": [
                    [
                        {
                            "id": "test"
                        },
                        "test_merged.wkt:md5,d41d8cd98f00b204e9800998ecf8427e"
                    ]
                ],
                "1": [
                    
                ],
                "2": [
                    "versions.yml:md5,ba98960bc9c13e98dd1a7e96af12ae44"
                ],
                "multipoly_geojsons": [
                    
                ],
                "multipoly_wkts": [
                    [
                        {
                            "id": "test"
                        },
                        "test_merged.wkt:md5,d41d8cd98f00b204e9800998ecf8427e"
                    ]
                ],
                "versions": [
                    "versions.yml:md5,ba98960bc9c13e98dd1a7e96af12ae44"
                ]
            }
        ],
        "meta": {
            "nf-test": "0.9.2",
            "nextflow": "24.04.4"
        },
        "timestamp": "2025-02-07T15:25:20.509025741"
    },
    "iss - wkt - stub": {
        "content": [
            {
                "0": [
                    [
                        {
                            "id": "test"
                        },
                        "test_merged.wkt:md5,d41d8cd98f00b204e9800998ecf8427e"
                    ]
                ],
                "1": [
                    
                ],
                "2": [
                    "versions.yml:md5,ba98960bc9c13e98dd1a7e96af12ae44"
                ],
                "multipoly_geojsons": [
                    
                ],
                "multipoly_wkts": [
                    [
                        {
                            "id": "test"
                        },
                        "test_merged.wkt:md5,d41d8cd98f00b204e9800998ecf8427e"
                    ]
                ],
                "versions": [
                    "versions.yml:md5,ba98960bc9c13e98dd1a7e96af12ae44"
                ]
            }
        ],
        "meta": {
            "nf-test": "0.9.2",
            "nextflow": "24.04.4"
        },
        "timestamp": "2025-02-07T15:24:39.339132587"
    },
    "mouse heart - wkt": {
        "content": [
            {
                "0": [
                    [
                        {
                            "id": "test"
                        },
                        "test_merged.wkt:md5,04f1e1f2018a2419b050cfb7b9db0f1c"
                    ]
                ],
                "1": [
                    [
                        {
                            "id": "test"
                        },
                        "test_merged.geojson:md5,ae369b87c96ef64d94d12c034c3c7d09"
                    ]
                ],
                "2": [
                    "versions.yml:md5,ba98960bc9c13e98dd1a7e96af12ae44"
                ],
                "multipoly_geojsons": [
                    [
                        {
                            "id": "test"
                        },
                        "test_merged.geojson:md5,ae369b87c96ef64d94d12c034c3c7d09"
                    ]
                ],
                "multipoly_wkts": [
                    [
                        {
                            "id": "test"
                        },
                        "test_merged.wkt:md5,04f1e1f2018a2419b050cfb7b9db0f1c"
                    ]
                ],
                "versions": [
                    "versions.yml:md5,ba98960bc9c13e98dd1a7e96af12ae44"
                ]
            }
        ],
        "meta": {
            "nf-test": "0.9.2",
            "nextflow": "24.04.4"
        },
        "timestamp": "2025-02-07T15:25:14.227476354"
    },
    "iss - wkt": {
        "content": [
            {
                "0": [
                    [
                        {
                            "id": "test"
                        },
                        "test_merged.wkt:md5,04f1e1f2018a2419b050cfb7b9db0f1c"
                    ]
                ],
                "1": [
                    [
                        {
                            "id": "test"
                        },
                        "test_merged.geojson:md5,ae369b87c96ef64d94d12c034c3c7d09"
                    ]
                ],
                "2": [
                    "versions.yml:md5,ba98960bc9c13e98dd1a7e96af12ae44"
                ],
                "multipoly_geojsons": [
                    [
                        {
                            "id": "test"
                        },
                        "test_merged.geojson:md5,ae369b87c96ef64d94d12c034c3c7d09"
                    ]
                ],
                "multipoly_wkts": [
                    [
                        {
                            "id": "test"
                        },
                        "test_merged.wkt:md5,04f1e1f2018a2419b050cfb7b9db0f1c"
                    ]
                ],
                "versions": [
                    "versions.yml:md5,ba98960bc9c13e98dd1a7e96af12ae44"
                ]
            }
        ],
        "meta": {
            "nf-test": "0.9.2",
            "nextflow": "24.04.4"
        },
        "timestamp": "2025-02-07T15:24:34.447063742"
    }
}